// Jest Snapshot v1, https://goo.gl/fbAQLP

exports[`Footer Component should be a footer 1`] = `
"
      <footer class=\\"footer\\">
        <p>Made to entertain - 2018</p>
      </footer>
    "
`;
