// Jest Snapshot v1, https://goo.gl/fbAQLP

exports[`Footer component is a footer 1`] = `
"
      <footer class=\\"footer\\">
        <a>&copy;Mack BG</a>
      </footer>
    "
`;
