// Jest Snapshot v1, https://goo.gl/fbAQLP

exports[`Header Component should be a header 1`] = `
"
      <header class=\\"header\\">
        <h2 id=\\"logo\\">Mack BG<h2>
        <nav class=\\"nav\\">
          <a class=\\"nav\\"href=\\"/About\\">About</a> <a class=\\"nav\\"href=\\"/Unnecessary Fun Facts\\">Unnecessary Fun Facts</a> <a class=\\"nav\\"href=\\"/Dog Photos\\">Dog Photos</a>
        </nav>
      </header>"
`;
