// Jest Snapshot v1, https://goo.gl/fbAQLP

exports[`Image Component has finalized scaffolding/styling 1`] = `
"
        <div class=\\"image\\">
          <img src=\\"./src/assets/dummy.jpg\\"></img>
        </div>
       "
`;
