// Jest Snapshot v1, https://goo.gl/fbAQLP

exports[`Image Gallery Component is an image gallery 1`] = `[Function]`;
