// Jest Snapshot v1, https://goo.gl/fbAQLP

exports[`Projects component should be a project section 1`] = `
"<section class=\\"projectSection\\">
      <h3>Projects</h3>

    <div id=\\"projects\\"><h4>Dog match</h4>
    <p>Lorem ipsum dolor sit, amet consectetur adipisicing elit. Voluptatibus quasi consequuntur veniam, eaque numquam sint tenetur velit in, voluptas quisquam eos! Possimus adipisci natus obcaecati inventore quaerat facilis enim similique</p>
    <h4>Salmon Cookies</h4>
    <p>Lorem ipsum dolor sit, amet consectetur adipisicing elit. Voluptatibus quasi consequuntur veniam, eaque numquam sint tenetur velit in, voluptas quisquam eos! Possimus adipisci natus obcaecati inventore quaerat facilis enim similique</p>
    <h4>Day planner</h4>
    <p>Lorem ipsum dolor sit, amet consectetur adipisicing elit. Voluptatibus quasi consequuntur veniam, eaque numquam sint tenetur velit in, voluptas quisquam eos! Possimus adipisci natus obcaecati inventore quaerat facilis enim similique</p></div>
    
    </section>"
`;
