// Jest Snapshot v1, https://goo.gl/fbAQLP

exports[`Section Component is a section 1`] = `
"
      <section>
        <div>
          
        </div>
      </section>
    "
`;
