// Jest Snapshot v1, https://goo.gl/fbAQLP

exports[`Header Component should be a header 1`] = `
"
      <header class=\\"header\\">
        <h1>Football Teams</h1>
      </header>
    "
`;
